class HtmlProvider : FDR.BaseTypes.HtmlDocument
    new : () -> HtmlProvider
    HtmlDocument.Create(false, FSharpAsync.RunSynchronously((IO.asyncReadTextAtRuntimeWithDesignTimeRules "<RESOLUTION_FOLDER>" "" "HTML" "" "EmptyDefinitionLists.html")))

    static member AsyncGetSample: () -> HtmlProvider async
    let f = new Func<_,_>(fun (t:TextReader) -> HtmlDocument.Create(false, t))
    TextRuntime.AsyncMap((IO.asyncReadTextAtRuntimeWithDesignTimeRules "<RESOLUTION_FOLDER>" "" "HTML" "" "EmptyDefinitionLists.html"), f)

    static member AsyncLoad: uri:string -> HtmlProvider async
    let f = new Func<_,_>(fun (t:TextReader) -> HtmlDocument.Create(false, t))
    TextRuntime.AsyncMap((IO.asyncReadTextAtRuntime false "<RESOLUTION_FOLDER>" "" "HTML" "" uri), f)

    member DefinitionLists: HtmlProvider+DefinitionListsContainer with get
    this

    static member GetSample: () -> HtmlProvider
    HtmlDocument.Create(false, FSharpAsync.RunSynchronously((IO.asyncReadTextAtRuntimeWithDesignTimeRules "<RESOLUTION_FOLDER>" "" "HTML" "" "EmptyDefinitionLists.html")))

    static member Load: stream:System.IO.Stream -> HtmlProvider
    HtmlDocument.Create(false, ((new StreamReader(stream)) :> TextReader))

    static member Load: reader:System.IO.TextReader -> HtmlProvider
    HtmlDocument.Create(false, reader)

    static member Load: uri:string -> HtmlProvider
    HtmlDocument.Create(false, FSharpAsync.RunSynchronously((IO.asyncReadTextAtRuntime false "<RESOLUTION_FOLDER>" "" "HTML" "" uri)))

    static member Parse: text:string -> HtmlProvider
    HtmlDocument.Create(false, ((new StringReader(text)) :> TextReader))


class HtmlProvider+DefinitionListsContainer : FDR.BaseTypes.HtmlDocument
    member DefinitionList1: HtmlProvider+DefinitionList1 with get
    this


class HtmlProvider+DefinitionList1 : FDR.BaseTypes.HtmlDocument
    member Foo: HtmlProvider+DefinitionList1+Foo with get
    let rowConverter = new Func<_,_>(fun (row:string) -> 
                                        let value = TextConversions.AsString(row)
                                        TextRuntime.GetNonOptionalValue("", TextRuntime.ConvertString(value), value))
    HtmlList<_>.CreateNested(rowConverter, this, "DefinitionList1", 0)

    member Foo2: HtmlProvider+DefinitionList1+Foo2 with get
    let rowConverter = new Func<_,_>(fun (row:string) -> 
                                        let value = TextConversions.AsString(row)
                                        TextRuntime.GetNonOptionalValue("", TextRuntime.ConvertString(value), value))
    HtmlList<_>.CreateNested(rowConverter, this, "DefinitionList1", 1)


class HtmlProvider+DefinitionList1+Foo : FDR.BaseTypes.HtmlList<string>

class HtmlProvider+DefinitionList1+Foo2 : FDR.BaseTypes.HtmlList<string>

